[Licensing::Module] Trying to connect to existing licensing client channel...
Built from '6000.3/staging' branch; Version is '6000.3.8f1 (1c7db571dde0) revision 1867189'; Using compiler version '194234433'; Build Type 'Release'
OS: 'Windows 11  (10.0.26200) Core' Language: 'zh' Physical Memory: 32581 MB
BatchMode: 1, IsHumanControllingUs: 0, StartBugReporterOnCrash: 0, Is64bit: 1
[Licensing::IpcConnector] Successfully connected to: "LicenseClient-user" at "2026-04-20T11:13:04.9987146Z"
System  architecture: x64
Process architecture: x64
Date: 2026-04-20T11:13:04Z

COMMAND LINE ARGUMENTS:
C:\Program Files\Unity\Hub\Editor\6000.3.8f1\Editor\Unity.exe
-batchmode
-nographics
-projectPath
C:/Users/user/Documents/work/KahaGameStudio-ProjectDR/projects/ProjectDR
-runTests
-testPlatform
EditMode
-testFilter
ProjectDR.Tests.Village.Integration.GuardInteractViewDialogueRegressionTest
-logFile
C:/Users/user/Documents/work/KahaGameStudio-ProjectDR/projects/ProjectDR/test-output.log
Successfully changed project path to: C:/Users/user/Documents/work/KahaGameStudio-ProjectDR/projects/ProjectDR
C:/Users/user/Documents/work/KahaGameStudio-ProjectDR/projects/ProjectDR
Exiting without the bug reporter. Application will terminate with return code 1